[2024-05-28T12:23:34.629+0530][gc,heap] Heap region size: 1M
[2024-05-28T12:23:34.641+0530][gc     ] Using G1
[2024-05-28T12:23:34.641+0530][gc,heap,coops] Heap address: 0x00000000c0000000, size: 1024 MB, Compressed Oops mode: 32-bit
[2024-05-28T12:23:34.641+0530][gc,cds       ] Mark closed archive regions in map: [0x00000000fff00000, 0x00000000fff6bff8]
[2024-05-28T12:23:34.641+0530][gc,cds       ] Mark open archive regions in map: [0x00000000ffe00000, 0x00000000ffe47ff8]
[2024-05-28T12:23:37.088+0530][gc,start     ] GC(0) Pause Young (Normal) (G1 Evacuation Pause)
[2024-05-28T12:23:37.089+0530][gc,task      ] GC(0) Using 4 workers of 4 for evacuation
[2024-05-28T12:23:37.105+0530][gc,phases    ] GC(0)   Pre Evacuate Collection Set: 0.0ms
[2024-05-28T12:23:37.105+0530][gc,phases    ] GC(0)   Evacuate Collection Set: 15.8ms
[2024-05-28T12:23:37.105+0530][gc,phases    ] GC(0)   Post Evacuate Collection Set: 0.5ms
[2024-05-28T12:23:37.105+0530][gc,phases    ] GC(0)   Other: 0.5ms
[2024-05-28T12:23:37.105+0530][gc,heap      ] GC(0) Eden regions: 51->0(44)
[2024-05-28T12:23:37.105+0530][gc,heap      ] GC(0) Survivor regions: 0->7(7)
[2024-05-28T12:23:37.106+0530][gc,heap      ] GC(0) Old regions: 2->2
[2024-05-28T12:23:37.106+0530][gc,heap      ] GC(0) Humongous regions: 0->0
[2024-05-28T12:23:37.106+0530][gc,metaspace ] GC(0) Metaspace: 14295K(15104K)->14295K(15104K) NonClass: 12500K(13056K)->12500K(13056K) Class: 1794K(2048K)->1794K(2048K)
[2024-05-28T12:23:37.106+0530][gc           ] GC(0) Pause Young (Normal) (G1 Evacuation Pause) 51M->7M(1024M) 17.124ms
[2024-05-28T12:23:37.106+0530][gc,cpu       ] GC(0) User=0.05s Sys=0.00s Real=0.02s
[2024-05-28T12:23:37.757+0530][gc,start     ] GC(1) Pause Young (Concurrent Start) (Metadata GC Threshold)
[2024-05-28T12:23:37.757+0530][gc,task      ] GC(1) Using 4 workers of 4 for evacuation
[2024-05-28T12:23:37.772+0530][gc,phases    ] GC(1)   Pre Evacuate Collection Set: 0.1ms
[2024-05-28T12:23:37.772+0530][gc,phases    ] GC(1)   Evacuate Collection Set: 14.2ms
[2024-05-28T12:23:37.772+0530][gc,phases    ] GC(1)   Post Evacuate Collection Set: 0.5ms
[2024-05-28T12:23:37.772+0530][gc,phases    ] GC(1)   Other: 0.2ms
[2024-05-28T12:23:37.772+0530][gc,heap      ] GC(1) Eden regions: 29->0(49)
[2024-05-28T12:23:37.772+0530][gc,heap      ] GC(1) Survivor regions: 7->2(7)
[2024-05-28T12:23:37.772+0530][gc,heap      ] GC(1) Old regions: 2->9
[2024-05-28T12:23:37.772+0530][gc,heap      ] GC(1) Humongous regions: 0->0
[2024-05-28T12:23:37.772+0530][gc,metaspace ] GC(1) Metaspace: 20582K(21248K)->20582K(21248K) NonClass: 18048K(18432K)->18048K(18432K) Class: 2534K(2816K)->2534K(2816K)
[2024-05-28T12:23:37.772+0530][gc           ] GC(1) Pause Young (Concurrent Start) (Metadata GC Threshold) 36M->8M(1024M) 15.249ms
[2024-05-28T12:23:37.772+0530][gc,cpu       ] GC(1) User=0.04s Sys=0.00s Real=0.02s
[2024-05-28T12:23:37.772+0530][gc           ] GC(2) Concurrent Cycle
[2024-05-28T12:23:37.772+0530][gc,marking   ] GC(2) Concurrent Clear Claimed Marks
[2024-05-28T12:23:37.772+0530][gc,marking   ] GC(2) Concurrent Clear Claimed Marks 0.092ms
[2024-05-28T12:23:37.772+0530][gc,marking   ] GC(2) Concurrent Scan Root Regions
[2024-05-28T12:23:37.774+0530][gc,marking   ] GC(2) Concurrent Scan Root Regions 1.672ms
[2024-05-28T12:23:37.774+0530][gc,marking   ] GC(2) Concurrent Mark (3.148s)
[2024-05-28T12:23:37.774+0530][gc,marking   ] GC(2) Concurrent Mark From Roots
[2024-05-28T12:23:37.774+0530][gc,task      ] GC(2) Using 1 workers of 1 for marking
[2024-05-28T12:23:37.783+0530][gc,marking   ] GC(2) Concurrent Mark From Roots 8.618ms
[2024-05-28T12:23:37.783+0530][gc,marking   ] GC(2) Concurrent Preclean
[2024-05-28T12:23:37.783+0530][gc,marking   ] GC(2) Concurrent Preclean 0.098ms
[2024-05-28T12:23:37.783+0530][gc,marking   ] GC(2) Concurrent Mark (3.148s, 3.157s) 8.774ms
[2024-05-28T12:23:37.783+0530][gc,start     ] GC(2) Pause Remark
[2024-05-28T12:23:37.785+0530][gc,stringtable] GC(2) Cleaned string and symbol table, strings: 5686 processed, 0 removed, symbols: 52959 processed, 41 removed
[2024-05-28T12:23:37.785+0530][gc            ] GC(2) Pause Remark 9M->9M(1024M) 2.046ms
[2024-05-28T12:23:37.785+0530][gc,cpu        ] GC(2) User=0.01s Sys=0.00s Real=0.00s
[2024-05-28T12:23:37.785+0530][gc,marking    ] GC(2) Concurrent Rebuild Remembered Sets
[2024-05-28T12:23:37.790+0530][gc,marking    ] GC(2) Concurrent Rebuild Remembered Sets 4.829ms
[2024-05-28T12:23:37.790+0530][gc,start      ] GC(2) Pause Cleanup
[2024-05-28T12:23:37.791+0530][gc            ] GC(2) Pause Cleanup 9M->9M(1024M) 0.946ms
[2024-05-28T12:23:37.791+0530][gc,cpu        ] GC(2) User=0.00s Sys=0.00s Real=0.00s
[2024-05-28T12:23:37.791+0530][gc,marking    ] GC(2) Concurrent Cleanup for Next Mark
[2024-05-28T12:23:37.803+0530][gc,marking    ] GC(2) Concurrent Cleanup for Next Mark 11.910ms
[2024-05-28T12:23:37.803+0530][gc            ] GC(2) Concurrent Cycle 31.196ms
[2024-05-28T12:23:37.990+0530][gc,heap,exit  ] Heap
[2024-05-28T12:23:37.990+0530][gc,heap,exit  ]  garbage-first heap   total 1048576K, used 10857K [0x00000000c0000000, 0x0000000100000000)
[2024-05-28T12:23:37.990+0530][gc,heap,exit  ]   region size 1024K, 5 young (5120K), 2 survivors (2048K)
[2024-05-28T12:23:37.990+0530][gc,heap,exit  ]  Metaspace       used 21050K, capacity 21681K, committed 21888K, reserved 1069056K
[2024-05-28T12:23:37.990+0530][gc,heap,exit  ]   class space    used 2596K, capacity 2862K, committed 2944K, reserved 1048576K
