[2024-05-29T11:48:08.421+0530][gc,heap] Heap region size: 1M
[2024-05-29T11:48:08.433+0530][gc     ] Using G1
[2024-05-29T11:48:08.433+0530][gc,heap,coops] Heap address: 0x00000000c0000000, size: 1024 MB, Compressed Oops mode: 32-bit
[2024-05-29T11:48:08.433+0530][gc,cds       ] Mark closed archive regions in map: [0x00000000fff00000, 0x00000000fff6bff8]
[2024-05-29T11:48:08.434+0530][gc,cds       ] Mark open archive regions in map: [0x00000000ffe00000, 0x00000000ffe47ff8]
[2024-05-29T11:48:10.833+0530][gc,start     ] GC(0) Pause Young (Normal) (G1 Evacuation Pause)
[2024-05-29T11:48:10.834+0530][gc,task      ] GC(0) Using 4 workers of 4 for evacuation
[2024-05-29T11:48:10.851+0530][gc,phases    ] GC(0)   Pre Evacuate Collection Set: 0.0ms
[2024-05-29T11:48:10.851+0530][gc,phases    ] GC(0)   Evacuate Collection Set: 16.9ms
[2024-05-29T11:48:10.851+0530][gc,phases    ] GC(0)   Post Evacuate Collection Set: 0.6ms
[2024-05-29T11:48:10.852+0530][gc,phases    ] GC(0)   Other: 0.7ms
[2024-05-29T11:48:10.852+0530][gc,heap      ] GC(0) Eden regions: 51->0(44)
[2024-05-29T11:48:10.852+0530][gc,heap      ] GC(0) Survivor regions: 0->7(7)
[2024-05-29T11:48:10.852+0530][gc,heap      ] GC(0) Old regions: 2->2
[2024-05-29T11:48:10.852+0530][gc,heap      ] GC(0) Humongous regions: 0->0
[2024-05-29T11:48:10.852+0530][gc,metaspace ] GC(0) Metaspace: 14267K(15104K)->14267K(15104K) NonClass: 12480K(13056K)->12480K(13056K) Class: 1787K(2048K)->1787K(2048K)
[2024-05-29T11:48:10.852+0530][gc           ] GC(0) Pause Young (Normal) (G1 Evacuation Pause) 51M->7M(1024M) 18.399ms
[2024-05-29T11:48:10.852+0530][gc,cpu       ] GC(0) User=0.05s Sys=0.00s Real=0.02s
[2024-05-29T11:48:11.824+0530][gc,start     ] GC(1) Pause Young (Concurrent Start) (Metadata GC Threshold)
[2024-05-29T11:48:11.824+0530][gc,task      ] GC(1) Using 4 workers of 4 for evacuation
[2024-05-29T11:48:11.834+0530][gc,phases    ] GC(1)   Pre Evacuate Collection Set: 0.1ms
[2024-05-29T11:48:11.834+0530][gc,phases    ] GC(1)   Evacuate Collection Set: 9.2ms
[2024-05-29T11:48:11.834+0530][gc,phases    ] GC(1)   Post Evacuate Collection Set: 0.2ms
[2024-05-29T11:48:11.834+0530][gc,phases    ] GC(1)   Other: 0.2ms
[2024-05-29T11:48:11.834+0530][gc,heap      ] GC(1) Eden regions: 29->0(49)
[2024-05-29T11:48:11.834+0530][gc,heap      ] GC(1) Survivor regions: 7->2(7)
[2024-05-29T11:48:11.834+0530][gc,heap      ] GC(1) Old regions: 2->9
[2024-05-29T11:48:11.834+0530][gc,heap      ] GC(1) Humongous regions: 0->0
[2024-05-29T11:48:11.834+0530][gc,metaspace ] GC(1) Metaspace: 20587K(21248K)->20587K(21248K) NonClass: 18045K(18432K)->18045K(18432K) Class: 2542K(2816K)->2542K(2816K)
[2024-05-29T11:48:11.834+0530][gc           ] GC(1) Pause Young (Concurrent Start) (Metadata GC Threshold) 36M->8M(1024M) 9.822ms
[2024-05-29T11:48:11.834+0530][gc,cpu       ] GC(1) User=0.02s Sys=0.00s Real=0.01s
[2024-05-29T11:48:11.834+0530][gc           ] GC(2) Concurrent Cycle
[2024-05-29T11:48:11.834+0530][gc,marking   ] GC(2) Concurrent Clear Claimed Marks
[2024-05-29T11:48:11.834+0530][gc,marking   ] GC(2) Concurrent Clear Claimed Marks 0.027ms
[2024-05-29T11:48:11.834+0530][gc,marking   ] GC(2) Concurrent Scan Root Regions
[2024-05-29T11:48:11.835+0530][gc,marking   ] GC(2) Concurrent Scan Root Regions 1.070ms
[2024-05-29T11:48:11.835+0530][gc,marking   ] GC(2) Concurrent Mark (3.416s)
[2024-05-29T11:48:11.835+0530][gc,marking   ] GC(2) Concurrent Mark From Roots
[2024-05-29T11:48:11.835+0530][gc,task      ] GC(2) Using 1 workers of 1 for marking
[2024-05-29T11:48:11.843+0530][gc,marking   ] GC(2) Concurrent Mark From Roots 7.954ms
[2024-05-29T11:48:11.843+0530][gc,marking   ] GC(2) Concurrent Preclean
[2024-05-29T11:48:11.843+0530][gc,marking   ] GC(2) Concurrent Preclean 0.068ms
[2024-05-29T11:48:11.843+0530][gc,marking   ] GC(2) Concurrent Mark (3.416s, 3.425s) 8.077ms
[2024-05-29T11:48:11.843+0530][gc,start     ] GC(2) Pause Remark
[2024-05-29T11:48:11.845+0530][gc,stringtable] GC(2) Cleaned string and symbol table, strings: 5736 processed, 0 removed, symbols: 53109 processed, 43 removed
[2024-05-29T11:48:11.845+0530][gc            ] GC(2) Pause Remark 9M->9M(1024M) 2.179ms
[2024-05-29T11:48:11.845+0530][gc,cpu        ] GC(2) User=0.00s Sys=0.01s Real=0.00s
[2024-05-29T11:48:11.845+0530][gc,marking    ] GC(2) Concurrent Rebuild Remembered Sets
[2024-05-29T11:48:11.850+0530][gc,marking    ] GC(2) Concurrent Rebuild Remembered Sets 4.592ms
[2024-05-29T11:48:11.850+0530][gc,start      ] GC(2) Pause Cleanup
[2024-05-29T11:48:11.850+0530][gc            ] GC(2) Pause Cleanup 9M->9M(1024M) 0.162ms
[2024-05-29T11:48:11.850+0530][gc,cpu        ] GC(2) User=0.00s Sys=0.00s Real=0.00s
[2024-05-29T11:48:11.850+0530][gc,marking    ] GC(2) Concurrent Cleanup for Next Mark
[2024-05-29T11:48:11.857+0530][gc,marking    ] GC(2) Concurrent Cleanup for Next Mark 7.053ms
[2024-05-29T11:48:11.857+0530][gc            ] GC(2) Concurrent Cycle 23.593ms
[2024-05-29T11:48:13.032+0530][gc,start      ] GC(3) Pause Young (Normal) (G1 Evacuation Pause)
[2024-05-29T11:48:13.032+0530][gc,task       ] GC(3) Using 4 workers of 4 for evacuation
[2024-05-29T11:48:13.036+0530][gc,phases     ] GC(3)   Pre Evacuate Collection Set: 0.0ms
[2024-05-29T11:48:13.036+0530][gc,phases     ] GC(3)   Evacuate Collection Set: 3.7ms
[2024-05-29T11:48:13.036+0530][gc,phases     ] GC(3)   Post Evacuate Collection Set: 0.3ms
[2024-05-29T11:48:13.036+0530][gc,phases     ] GC(3)   Other: 0.1ms
[2024-05-29T11:48:13.036+0530][gc,heap       ] GC(3) Eden regions: 49->0(46)
[2024-05-29T11:48:13.036+0530][gc,heap       ] GC(3) Survivor regions: 2->5(7)
[2024-05-29T11:48:13.036+0530][gc,heap       ] GC(3) Old regions: 9->9
[2024-05-29T11:48:13.036+0530][gc,heap       ] GC(3) Humongous regions: 129->129
[2024-05-29T11:48:13.036+0530][gc,metaspace  ] GC(3) Metaspace: 28684K(29952K)->28684K(29952K) NonClass: 25319K(26112K)->25319K(26112K) Class: 3364K(3840K)->3364K(3840K)
[2024-05-29T11:48:13.036+0530][gc            ] GC(3) Pause Young (Normal) (G1 Evacuation Pause) 186M->140M(1024M) 4.256ms
[2024-05-29T11:48:13.036+0530][gc,cpu        ] GC(3) User=0.02s Sys=0.00s Real=0.00s
[2024-05-29T11:48:13.950+0530][gc,start      ] GC(4) Pause Young (Concurrent Start) (Metadata GC Threshold)
[2024-05-29T11:48:13.950+0530][gc,task       ] GC(4) Using 4 workers of 4 for evacuation
[2024-05-29T11:48:13.964+0530][gc,phases     ] GC(4)   Pre Evacuate Collection Set: 0.1ms
[2024-05-29T11:48:13.964+0530][gc,phases     ] GC(4)   Evacuate Collection Set: 12.9ms
[2024-05-29T11:48:13.964+0530][gc,phases     ] GC(4)   Post Evacuate Collection Set: 0.5ms
[2024-05-29T11:48:13.964+0530][gc,phases     ] GC(4)   Other: 0.2ms
[2024-05-29T11:48:13.964+0530][gc,heap       ] GC(4) Eden regions: 31->0(48)
[2024-05-29T11:48:13.964+0530][gc,heap       ] GC(4) Survivor regions: 5->3(7)
[2024-05-29T11:48:13.964+0530][gc,heap       ] GC(4) Old regions: 9->13
[2024-05-29T11:48:13.964+0530][gc,heap       ] GC(4) Humongous regions: 129->129
[2024-05-29T11:48:13.964+0530][gc,metaspace  ] GC(4) Metaspace: 34483K(35840K)->34483K(35840K) NonClass: 30416K(31104K)->30416K(31104K) Class: 4066K(4736K)->4066K(4736K)
[2024-05-29T11:48:13.964+0530][gc            ] GC(4) Pause Young (Concurrent Start) (Metadata GC Threshold) 171M->142M(1024M) 13.828ms
[2024-05-29T11:48:13.964+0530][gc,cpu        ] GC(4) User=0.02s Sys=0.01s Real=0.02s
[2024-05-29T11:48:13.964+0530][gc            ] GC(5) Concurrent Cycle
[2024-05-29T11:48:13.964+0530][gc,marking    ] GC(5) Concurrent Clear Claimed Marks
[2024-05-29T11:48:13.964+0530][gc,marking    ] GC(5) Concurrent Clear Claimed Marks 0.130ms
[2024-05-29T11:48:13.964+0530][gc,marking    ] GC(5) Concurrent Scan Root Regions
[2024-05-29T11:48:13.966+0530][gc,marking    ] GC(5) Concurrent Scan Root Regions 1.516ms
[2024-05-29T11:48:13.966+0530][gc,marking    ] GC(5) Concurrent Mark (5.547s)
[2024-05-29T11:48:13.966+0530][gc,marking    ] GC(5) Concurrent Mark From Roots
[2024-05-29T11:48:13.966+0530][gc,task       ] GC(5) Using 1 workers of 1 for marking
[2024-05-29T11:48:13.982+0530][gc,marking    ] GC(5) Concurrent Mark From Roots 16.088ms
[2024-05-29T11:48:13.982+0530][gc,marking    ] GC(5) Concurrent Preclean
[2024-05-29T11:48:13.982+0530][gc,marking    ] GC(5) Concurrent Preclean 0.070ms
[2024-05-29T11:48:13.982+0530][gc,marking    ] GC(5) Concurrent Mark (5.547s, 5.563s) 16.220ms
[2024-05-29T11:48:13.982+0530][gc,start      ] GC(5) Pause Remark
[2024-05-29T11:48:13.988+0530][gc,stringtable] GC(5) Cleaned string and symbol table, strings: 11453 processed, 12 removed, symbols: 85159 processed, 12 removed
[2024-05-29T11:48:13.988+0530][gc            ] GC(5) Pause Remark 145M->145M(1024M) 6.220ms
[2024-05-29T11:48:13.988+0530][gc,cpu        ] GC(5) User=0.02s Sys=0.00s Real=0.00s
[2024-05-29T11:48:13.989+0530][gc,marking    ] GC(5) Concurrent Rebuild Remembered Sets
[2024-05-29T11:48:14.006+0530][gc,marking    ] GC(5) Concurrent Rebuild Remembered Sets 16.871ms
[2024-05-29T11:48:14.006+0530][gc,start      ] GC(5) Pause Cleanup
[2024-05-29T11:48:14.006+0530][gc            ] GC(5) Pause Cleanup 146M->146M(1024M) 0.173ms
[2024-05-29T11:48:14.006+0530][gc,cpu        ] GC(5) User=0.00s Sys=0.00s Real=0.00s
[2024-05-29T11:48:14.006+0530][gc,marking    ] GC(5) Concurrent Cleanup for Next Mark
[2024-05-29T11:48:14.031+0530][gc,marking    ] GC(5) Concurrent Cleanup for Next Mark 25.330ms
[2024-05-29T11:48:14.031+0530][gc            ] GC(5) Concurrent Cycle 67.282ms
[2024-05-29T11:56:47.501+0530][gc,start      ] GC(6) Pause Young (Concurrent Start) (G1 Evacuation Pause)
[2024-05-29T11:56:47.544+0530][gc,task       ] GC(6) Using 4 workers of 4 for evacuation
[2024-05-29T11:56:49.703+0530][gc,mmu        ] GC(6) MMU target violated: 21.0ms (20.0ms/21.0ms)
[2024-05-29T11:56:49.703+0530][gc,phases     ] GC(6)   Pre Evacuate Collection Set: 188.9ms
[2024-05-29T11:56:49.703+0530][gc,phases     ] GC(6)   Evacuate Collection Set: 1347.6ms
[2024-05-29T11:56:49.703+0530][gc,phases     ] GC(6)   Post Evacuate Collection Set: 50.2ms
[2024-05-29T11:56:49.703+0530][gc,phases     ] GC(6)   Other: 642.0ms
[2024-05-29T11:56:49.703+0530][gc,heap       ] GC(6) Eden regions: 48->0(46)
[2024-05-29T11:56:49.703+0530][gc,heap       ] GC(6) Survivor regions: 3->5(7)
[2024-05-29T11:56:49.703+0530][gc,heap       ] GC(6) Old regions: 13->13
[2024-05-29T11:56:49.703+0530][gc,heap       ] GC(6) Humongous regions: 129->129
[2024-05-29T11:56:49.703+0530][gc,metaspace  ] GC(6) Metaspace: 40976K(43340K)->40976K(43340K) NonClass: 35679K(36864K)->35679K(36864K) Class: 5296K(6476K)->5296K(6476K)
[2024-05-29T11:56:49.717+0530][gc            ] GC(6) Pause Young (Concurrent Start) (G1 Evacuation Pause) 190M->144M(1024M) 2215.987ms
[2024-05-29T11:56:49.717+0530][gc,cpu        ] GC(6) User=0.21s Sys=0.04s Real=2.21s
[2024-05-29T11:56:49.721+0530][gc            ] GC(7) Concurrent Cycle
[2024-05-29T11:56:49.721+0530][gc,marking    ] GC(7) Concurrent Clear Claimed Marks
[2024-05-29T11:56:49.721+0530][gc,marking    ] GC(7) Concurrent Clear Claimed Marks 0.231ms
[2024-05-29T11:56:49.721+0530][gc,marking    ] GC(7) Concurrent Scan Root Regions
[2024-05-29T11:56:50.614+0530][gc,marking    ] GC(7) Concurrent Scan Root Regions 893.298ms
[2024-05-29T11:56:50.614+0530][gc,marking    ] GC(7) Concurrent Mark (522.196s)
[2024-05-29T11:56:50.614+0530][gc,marking    ] GC(7) Concurrent Mark From Roots
[2024-05-29T11:56:50.615+0530][gc,task       ] GC(7) Using 1 workers of 1 for marking
[2024-05-29T11:56:59.756+0530][gc,marking    ] GC(7) Concurrent Mark From Roots 9141.465ms
[2024-05-29T11:56:59.756+0530][gc,marking    ] GC(7) Concurrent Preclean
[2024-05-29T11:56:59.756+0530][gc,marking    ] GC(7) Concurrent Preclean 0.144ms
[2024-05-29T11:56:59.756+0530][gc,marking    ] GC(7) Concurrent Mark (522.196s, 531.338s) 9141.709ms
[2024-05-29T11:56:59.769+0530][gc,start      ] GC(7) Pause Remark
[2024-05-29T11:57:00.338+0530][gc,stringtable] GC(7) Cleaned string and symbol table, strings: 12821 processed, 6 removed, symbols: 92103 processed, 5 removed
[2024-05-29T11:57:00.342+0530][gc,mmu        ] GC(7) MMU target violated: 21.0ms (20.0ms/21.0ms)
[2024-05-29T11:57:00.342+0530][gc            ] GC(7) Pause Remark 152M->152M(1024M) 573.713ms
[2024-05-29T11:57:00.342+0530][gc,cpu        ] GC(7) User=0.05s Sys=0.02s Real=0.58s
[2024-05-29T11:57:00.342+0530][gc,marking    ] GC(7) Concurrent Rebuild Remembered Sets
[2024-05-29T11:57:00.479+0530][gc,marking    ] GC(7) Concurrent Rebuild Remembered Sets 136.779ms
[2024-05-29T11:57:00.480+0530][gc,start      ] GC(7) Pause Cleanup
[2024-05-29T11:57:00.489+0530][gc            ] GC(7) Pause Cleanup 152M->152M(1024M) 9.515ms
[2024-05-29T11:57:00.489+0530][gc,cpu        ] GC(7) User=0.00s Sys=0.00s Real=0.00s
[2024-05-29T11:57:00.489+0530][gc,marking    ] GC(7) Concurrent Cleanup for Next Mark
[2024-05-29T11:57:01.814+0530][gc,marking    ] GC(7) Concurrent Cleanup for Next Mark 1324.906ms
[2024-05-29T11:57:01.814+0530][gc            ] GC(7) Concurrent Cycle 12097.161ms
[2024-05-29T12:10:14.053+0530][gc,start      ] GC(8) Pause Young (Normal) (G1 Evacuation Pause)
[2024-05-29T12:10:15.093+0530][gc,task       ] GC(8) Using 4 workers of 4 for evacuation
[2024-05-29T12:10:17.405+0530][gc,mmu        ] GC(8) MMU target violated: 21.0ms (20.0ms/21.0ms)
[2024-05-29T12:10:17.426+0530][gc,phases     ] GC(8)   Pre Evacuate Collection Set: 575.0ms
[2024-05-29T12:10:17.426+0530][gc,phases     ] GC(8)   Evacuate Collection Set: 769.2ms
[2024-05-29T12:10:17.426+0530][gc,phases     ] GC(8)   Post Evacuate Collection Set: 455.8ms
[2024-05-29T12:10:17.426+0530][gc,phases     ] GC(8)   Other: 1566.7ms
[2024-05-29T12:10:17.671+0530][gc,heap       ] GC(8) Eden regions: 46->0(46)
[2024-05-29T12:10:17.671+0530][gc,heap       ] GC(8) Survivor regions: 5->5(7)
[2024-05-29T12:10:17.671+0530][gc,heap       ] GC(8) Old regions: 13->15
[2024-05-29T12:10:17.671+0530][gc,heap       ] GC(8) Humongous regions: 129->129
[2024-05-29T12:10:17.671+0530][gc,metaspace  ] GC(8) Metaspace: 44033K(47052K)->44033K(47052K) NonClass: 38306K(39936K)->38306K(39936K) Class: 5726K(7116K)->5726K(7116K)
[2024-05-29T12:10:17.672+0530][gc            ] GC(8) Pause Young (Normal) (G1 Evacuation Pause) 190M->147M(1024M) 3618.835ms
[2024-05-29T12:10:17.672+0530][gc,cpu        ] GC(8) User=0.43s Sys=0.01s Real=3.62s
[2024-05-29T12:41:08.742+0530][gc,start      ] GC(9) Pause Young (Normal) (G1 Evacuation Pause)
[2024-05-29T12:41:08.774+0530][gc,task       ] GC(9) Using 4 workers of 4 for evacuation
[2024-05-29T12:41:10.285+0530][gc,mmu        ] GC(9) MMU target violated: 21.0ms (20.0ms/21.0ms)
[2024-05-29T12:41:10.285+0530][gc,phases     ] GC(9)   Pre Evacuate Collection Set: 209.7ms
[2024-05-29T12:41:10.285+0530][gc,phases     ] GC(9)   Evacuate Collection Set: 1216.0ms
[2024-05-29T12:41:10.285+0530][gc,phases     ] GC(9)   Post Evacuate Collection Set: 56.2ms
[2024-05-29T12:41:10.285+0530][gc,phases     ] GC(9)   Other: 108.6ms
[2024-05-29T12:41:10.285+0530][gc,heap       ] GC(9) Eden regions: 46->0(48)
[2024-05-29T12:41:10.285+0530][gc,heap       ] GC(9) Survivor regions: 5->3(7)
[2024-05-29T12:41:10.285+0530][gc,heap       ] GC(9) Old regions: 15->17
[2024-05-29T12:41:10.285+0530][gc,heap       ] GC(9) Humongous regions: 129->129
[2024-05-29T12:41:10.285+0530][gc,metaspace  ] GC(9) Metaspace: 44295K(47308K)->44295K(47308K) NonClass: 38568K(40192K)->38568K(40192K) Class: 5726K(7116K)->5726K(7116K)
[2024-05-29T12:41:10.372+0530][gc            ] GC(9) Pause Young (Normal) (G1 Evacuation Pause) 193M->147M(1024M) 1552.369ms
[2024-05-29T12:41:10.372+0530][gc,cpu        ] GC(9) User=0.19s Sys=0.05s Real=1.63s
[2024-05-29T13:13:53.632+0530][gc,start      ] GC(10) Pause Young (Normal) (G1 Evacuation Pause)
[2024-05-29T13:13:53.632+0530][gc,task       ] GC(10) Using 4 workers of 4 for evacuation
[2024-05-29T13:13:53.669+0530][gc,mmu        ] GC(10) MMU target violated: 21.0ms (20.0ms/21.0ms)
[2024-05-29T13:13:53.669+0530][gc,phases     ] GC(10)   Pre Evacuate Collection Set: 0.0ms
[2024-05-29T13:13:53.669+0530][gc,phases     ] GC(10)   Evacuate Collection Set: 36.1ms
[2024-05-29T13:13:53.669+0530][gc,phases     ] GC(10)   Post Evacuate Collection Set: 0.6ms
[2024-05-29T13:13:53.669+0530][gc,phases     ] GC(10)   Other: 0.3ms
[2024-05-29T13:13:53.669+0530][gc,heap       ] GC(10) Eden regions: 48->0(48)
[2024-05-29T13:13:53.669+0530][gc,heap       ] GC(10) Survivor regions: 3->3(7)
[2024-05-29T13:13:53.669+0530][gc,heap       ] GC(10) Old regions: 17->17
[2024-05-29T13:13:53.669+0530][gc,heap       ] GC(10) Humongous regions: 129->129
[2024-05-29T13:13:53.669+0530][gc,metaspace  ] GC(10) Metaspace: 44437K(47308K)->44437K(47308K) NonClass: 38705K(40192K)->38705K(40192K) Class: 5732K(7116K)->5732K(7116K)
[2024-05-29T13:13:53.669+0530][gc            ] GC(10) Pause Young (Normal) (G1 Evacuation Pause) 195M->147M(1024M) 37.189ms
[2024-05-29T13:13:53.669+0530][gc,cpu        ] GC(10) User=0.03s Sys=0.00s Real=0.03s
[2024-05-29T13:47:13.632+0530][gc,start      ] GC(11) Pause Young (Normal) (G1 Evacuation Pause)
[2024-05-29T13:47:13.632+0530][gc,task       ] GC(11) Using 4 workers of 4 for evacuation
[2024-05-29T13:47:13.680+0530][gc,mmu        ] GC(11) MMU target violated: 21.0ms (20.0ms/21.0ms)
[2024-05-29T13:47:13.680+0530][gc,phases     ] GC(11)   Pre Evacuate Collection Set: 0.0ms
[2024-05-29T13:47:13.680+0530][gc,phases     ] GC(11)   Evacuate Collection Set: 45.3ms
[2024-05-29T13:47:13.680+0530][gc,phases     ] GC(11)   Post Evacuate Collection Set: 2.3ms
[2024-05-29T13:47:13.680+0530][gc,phases     ] GC(11)   Other: 0.3ms
[2024-05-29T13:47:13.680+0530][gc,heap       ] GC(11) Eden regions: 48->0(47)
[2024-05-29T13:47:13.680+0530][gc,heap       ] GC(11) Survivor regions: 3->4(7)
[2024-05-29T13:47:13.680+0530][gc,heap       ] GC(11) Old regions: 17->17
[2024-05-29T13:47:13.680+0530][gc,heap       ] GC(11) Humongous regions: 129->129
[2024-05-29T13:47:13.680+0530][gc,metaspace  ] GC(11) Metaspace: 44489K(47308K)->44489K(47308K) NonClass: 38756K(40192K)->38756K(40192K) Class: 5732K(7116K)->5732K(7116K)
[2024-05-29T13:47:13.680+0530][gc            ] GC(11) Pause Young (Normal) (G1 Evacuation Pause) 195M->147M(1024M) 48.017ms
[2024-05-29T13:47:13.680+0530][gc,cpu        ] GC(11) User=0.06s Sys=0.00s Real=0.05s
[2024-05-29T14:19:19.505+0530][gc,start      ] GC(12) Pause Young (Normal) (G1 Evacuation Pause)
[2024-05-29T14:19:19.506+0530][gc,task       ] GC(12) Using 4 workers of 4 for evacuation
[2024-05-29T14:19:19.528+0530][gc,mmu        ] GC(12) MMU target violated: 21.0ms (20.0ms/21.0ms)
[2024-05-29T14:19:19.528+0530][gc,phases     ] GC(12)   Pre Evacuate Collection Set: 0.0ms
[2024-05-29T14:19:19.528+0530][gc,phases     ] GC(12)   Evacuate Collection Set: 22.2ms
[2024-05-29T14:19:19.528+0530][gc,phases     ] GC(12)   Post Evacuate Collection Set: 0.4ms
[2024-05-29T14:19:19.528+0530][gc,phases     ] GC(12)   Other: 0.3ms
[2024-05-29T14:19:19.528+0530][gc,heap       ] GC(12) Eden regions: 47->0(47)
[2024-05-29T14:19:19.528+0530][gc,heap       ] GC(12) Survivor regions: 4->4(7)
[2024-05-29T14:19:19.528+0530][gc,heap       ] GC(12) Old regions: 17->17
[2024-05-29T14:19:19.528+0530][gc,heap       ] GC(12) Humongous regions: 129->129
[2024-05-29T14:19:19.528+0530][gc,metaspace  ] GC(12) Metaspace: 44579K(47564K)->44579K(47564K) NonClass: 38847K(40448K)->38847K(40448K) Class: 5732K(7116K)->5732K(7116K)
[2024-05-29T14:19:19.529+0530][gc            ] GC(12) Pause Young (Normal) (G1 Evacuation Pause) 194M->147M(1024M) 23.013ms
[2024-05-29T14:19:19.529+0530][gc,cpu        ] GC(12) User=0.05s Sys=0.00s Real=0.02s
[2024-05-29T14:50:39.310+0530][gc,start      ] GC(13) Pause Young (Normal) (G1 Evacuation Pause)
[2024-05-29T14:50:39.310+0530][gc,task       ] GC(13) Using 4 workers of 4 for evacuation
[2024-05-29T14:50:39.425+0530][gc,mmu        ] GC(13) MMU target violated: 21.0ms (20.0ms/21.0ms)
[2024-05-29T14:50:39.426+0530][gc,phases     ] GC(13)   Pre Evacuate Collection Set: 0.0ms
[2024-05-29T14:50:39.426+0530][gc,phases     ] GC(13)   Evacuate Collection Set: 107.9ms
[2024-05-29T14:50:39.426+0530][gc,phases     ] GC(13)   Post Evacuate Collection Set: 7.0ms
[2024-05-29T14:50:39.426+0530][gc,phases     ] GC(13)   Other: 0.3ms
[2024-05-29T14:50:39.426+0530][gc,heap       ] GC(13) Eden regions: 47->0(47)
[2024-05-29T14:50:39.426+0530][gc,heap       ] GC(13) Survivor regions: 4->4(7)
[2024-05-29T14:50:39.426+0530][gc,heap       ] GC(13) Old regions: 17->17
[2024-05-29T14:50:39.426+0530][gc,heap       ] GC(13) Humongous regions: 129->129
[2024-05-29T14:50:39.426+0530][gc,metaspace  ] GC(13) Metaspace: 44600K(47564K)->44600K(47564K) NonClass: 38868K(40448K)->38868K(40448K) Class: 5732K(7116K)->5732K(7116K)
[2024-05-29T14:50:39.426+0530][gc            ] GC(13) Pause Young (Normal) (G1 Evacuation Pause) 194M->148M(1024M) 115.314ms
[2024-05-29T14:50:39.426+0530][gc,cpu        ] GC(13) User=0.08s Sys=0.00s Real=0.12s
[2024-05-29T14:58:54.952+0530][gc,heap,exit  ] Heap
[2024-05-29T14:58:54.952+0530][gc,heap,exit  ]  garbage-first heap   total 1048576K, used 189587K [0x00000000c0000000, 0x0000000100000000)
[2024-05-29T14:58:54.952+0530][gc,heap,exit  ]   region size 1024K, 42 young (43008K), 4 survivors (4096K)
[2024-05-29T14:58:54.952+0530][gc,heap,exit  ]  Metaspace       used 45448K, capacity 48415K, committed 48716K, reserved 1091584K
[2024-05-29T14:58:54.952+0530][gc,heap,exit  ]   class space    used 5944K, capacity 7400K, committed 7500K, reserved 1048576K
