[2024-06-07T12:14:45.694+0530][gc,heap] Heap region size: 1M
[2024-06-07T12:14:45.705+0530][gc     ] Using G1
[2024-06-07T12:14:45.705+0530][gc,heap,coops] Heap address: 0x00000000c0000000, size: 1024 MB, Compressed Oops mode: 32-bit
[2024-06-07T12:14:45.705+0530][gc,cds       ] Mark closed archive regions in map: [0x00000000fff00000, 0x00000000fff6bff8]
[2024-06-07T12:14:45.705+0530][gc,cds       ] Mark open archive regions in map: [0x00000000ffe00000, 0x00000000ffe47ff8]
[2024-06-07T12:14:46.902+0530][gc,start     ] GC(0) Pause Young (Normal) (G1 Evacuation Pause)
[2024-06-07T12:14:46.902+0530][gc,task      ] GC(0) Using 4 workers of 4 for evacuation
[2024-06-07T12:14:46.911+0530][gc,phases    ] GC(0)   Pre Evacuate Collection Set: 0.0ms
[2024-06-07T12:14:46.911+0530][gc,phases    ] GC(0)   Evacuate Collection Set: 8.1ms
[2024-06-07T12:14:46.911+0530][gc,phases    ] GC(0)   Post Evacuate Collection Set: 0.4ms
[2024-06-07T12:14:46.911+0530][gc,phases    ] GC(0)   Other: 0.5ms
[2024-06-07T12:14:46.911+0530][gc,heap      ] GC(0) Eden regions: 51->0(44)
[2024-06-07T12:14:46.911+0530][gc,heap      ] GC(0) Survivor regions: 0->7(7)
[2024-06-07T12:14:46.911+0530][gc,heap      ] GC(0) Old regions: 2->2
[2024-06-07T12:14:46.911+0530][gc,heap      ] GC(0) Humongous regions: 0->0
[2024-06-07T12:14:46.911+0530][gc,metaspace ] GC(0) Metaspace: 14146K(14848K)->14146K(14848K) NonClass: 12382K(12800K)->12382K(12800K) Class: 1764K(2048K)->1764K(2048K)
[2024-06-07T12:14:46.911+0530][gc           ] GC(0) Pause Young (Normal) (G1 Evacuation Pause) 51M->7M(1024M) 9.044ms
[2024-06-07T12:14:46.911+0530][gc,cpu       ] GC(0) User=0.02s Sys=0.00s Real=0.01s
[2024-06-07T12:14:47.616+0530][gc,start     ] GC(1) Pause Young (Concurrent Start) (Metadata GC Threshold)
[2024-06-07T12:14:47.616+0530][gc,task      ] GC(1) Using 4 workers of 4 for evacuation
[2024-06-07T12:14:47.632+0530][gc,phases    ] GC(1)   Pre Evacuate Collection Set: 0.1ms
[2024-06-07T12:14:47.632+0530][gc,phases    ] GC(1)   Evacuate Collection Set: 14.7ms
[2024-06-07T12:14:47.632+0530][gc,phases    ] GC(1)   Post Evacuate Collection Set: 0.3ms
[2024-06-07T12:14:47.632+0530][gc,phases    ] GC(1)   Other: 0.3ms
[2024-06-07T12:14:47.632+0530][gc,heap      ] GC(1) Eden regions: 30->0(49)
[2024-06-07T12:14:47.632+0530][gc,heap      ] GC(1) Survivor regions: 7->2(7)
[2024-06-07T12:14:47.632+0530][gc,heap      ] GC(1) Old regions: 2->9
[2024-06-07T12:14:47.632+0530][gc,heap      ] GC(1) Humongous regions: 0->0
[2024-06-07T12:14:47.632+0530][gc,metaspace ] GC(1) Metaspace: 20662K(21248K)->20662K(21248K) NonClass: 18133K(18432K)->18133K(18432K) Class: 2528K(2816K)->2528K(2816K)
[2024-06-07T12:14:47.632+0530][gc           ] GC(1) Pause Young (Concurrent Start) (Metadata GC Threshold) 37M->8M(1024M) 15.551ms
[2024-06-07T12:14:47.632+0530][gc,cpu       ] GC(1) User=0.03s Sys=0.00s Real=0.02s
[2024-06-07T12:14:47.632+0530][gc           ] GC(2) Concurrent Cycle
[2024-06-07T12:14:47.632+0530][gc,marking   ] GC(2) Concurrent Clear Claimed Marks
[2024-06-07T12:14:47.632+0530][gc,marking   ] GC(2) Concurrent Clear Claimed Marks 0.064ms
[2024-06-07T12:14:47.632+0530][gc,marking   ] GC(2) Concurrent Scan Root Regions
[2024-06-07T12:14:47.633+0530][gc,marking   ] GC(2) Concurrent Scan Root Regions 0.980ms
[2024-06-07T12:14:47.633+0530][gc,marking   ] GC(2) Concurrent Mark (1.942s)
[2024-06-07T12:14:47.633+0530][gc,marking   ] GC(2) Concurrent Mark From Roots
[2024-06-07T12:14:47.633+0530][gc,task      ] GC(2) Using 1 workers of 1 for marking
[2024-06-07T12:14:47.644+0530][gc,marking   ] GC(2) Concurrent Mark From Roots 11.306ms
[2024-06-07T12:14:47.644+0530][gc,marking   ] GC(2) Concurrent Preclean
[2024-06-07T12:14:47.644+0530][gc,marking   ] GC(2) Concurrent Preclean 0.169ms
[2024-06-07T12:14:47.644+0530][gc,marking   ] GC(2) Concurrent Mark (1.942s, 1.954s) 11.581ms
[2024-06-07T12:14:47.646+0530][gc,start     ] GC(2) Pause Remark
[2024-06-07T12:14:47.649+0530][gc,stringtable] GC(2) Cleaned string and symbol table, strings: 5655 processed, 0 removed, symbols: 52907 processed, 41 removed
[2024-06-07T12:14:47.649+0530][gc            ] GC(2) Pause Remark 8M->8M(1024M) 3.770ms
[2024-06-07T12:14:47.649+0530][gc,cpu        ] GC(2) User=0.01s Sys=0.00s Real=0.01s
[2024-06-07T12:14:47.650+0530][gc,marking    ] GC(2) Concurrent Rebuild Remembered Sets
[2024-06-07T12:14:47.655+0530][gc,marking    ] GC(2) Concurrent Rebuild Remembered Sets 5.563ms
[2024-06-07T12:14:47.656+0530][gc,start      ] GC(2) Pause Cleanup
[2024-06-07T12:14:47.656+0530][gc            ] GC(2) Pause Cleanup 9M->9M(1024M) 0.494ms
[2024-06-07T12:14:47.656+0530][gc,cpu        ] GC(2) User=0.00s Sys=0.00s Real=0.00s
[2024-06-07T12:14:47.656+0530][gc,marking    ] GC(2) Concurrent Cleanup for Next Mark
[2024-06-07T12:14:47.664+0530][gc,marking    ] GC(2) Concurrent Cleanup for Next Mark 7.699ms
[2024-06-07T12:14:47.664+0530][gc            ] GC(2) Concurrent Cycle 32.316ms
[2024-06-07T12:14:48.863+0530][gc,start      ] GC(3) Pause Young (Normal) (G1 Evacuation Pause)
[2024-06-07T12:14:48.863+0530][gc,task       ] GC(3) Using 4 workers of 4 for evacuation
[2024-06-07T12:14:48.867+0530][gc,phases     ] GC(3)   Pre Evacuate Collection Set: 0.0ms
[2024-06-07T12:14:48.867+0530][gc,phases     ] GC(3)   Evacuate Collection Set: 3.4ms
[2024-06-07T12:14:48.867+0530][gc,phases     ] GC(3)   Post Evacuate Collection Set: 0.3ms
[2024-06-07T12:14:48.867+0530][gc,phases     ] GC(3)   Other: 0.2ms
[2024-06-07T12:14:48.867+0530][gc,heap       ] GC(3) Eden regions: 49->0(46)
[2024-06-07T12:14:48.867+0530][gc,heap       ] GC(3) Survivor regions: 2->5(7)
[2024-06-07T12:14:48.867+0530][gc,heap       ] GC(3) Old regions: 9->9
[2024-06-07T12:14:48.867+0530][gc,heap       ] GC(3) Humongous regions: 129->129
[2024-06-07T12:14:48.867+0530][gc,metaspace  ] GC(3) Metaspace: 29054K(30336K)->29054K(30336K) NonClass: 25591K(26368K)->25591K(26368K) Class: 3463K(3968K)->3463K(3968K)
[2024-06-07T12:14:48.867+0530][gc            ] GC(3) Pause Young (Normal) (G1 Evacuation Pause) 186M->140M(1024M) 4.109ms
[2024-06-07T12:14:48.867+0530][gc,cpu        ] GC(3) User=0.01s Sys=0.00s Real=0.00s
[2024-06-07T12:14:49.483+0530][gc,start      ] GC(4) Pause Young (Concurrent Start) (Metadata GC Threshold)
[2024-06-07T12:14:49.483+0530][gc,task       ] GC(4) Using 4 workers of 4 for evacuation
[2024-06-07T12:14:49.497+0530][gc,phases     ] GC(4)   Pre Evacuate Collection Set: 0.2ms
[2024-06-07T12:14:49.497+0530][gc,phases     ] GC(4)   Evacuate Collection Set: 13.2ms
[2024-06-07T12:14:49.497+0530][gc,phases     ] GC(4)   Post Evacuate Collection Set: 0.4ms
[2024-06-07T12:14:49.497+0530][gc,phases     ] GC(4)   Other: 0.5ms
[2024-06-07T12:14:49.497+0530][gc,heap       ] GC(4) Eden regions: 28->0(45)
[2024-06-07T12:14:49.497+0530][gc,heap       ] GC(4) Survivor regions: 5->6(7)
[2024-06-07T12:14:49.497+0530][gc,heap       ] GC(4) Old regions: 9->10
[2024-06-07T12:14:49.497+0530][gc,heap       ] GC(4) Humongous regions: 129->129
[2024-06-07T12:14:49.497+0530][gc,metaspace  ] GC(4) Metaspace: 34484K(35840K)->34484K(35840K) NonClass: 30436K(31104K)->30436K(31104K) Class: 4047K(4736K)->4047K(4736K)
[2024-06-07T12:14:49.497+0530][gc            ] GC(4) Pause Young (Concurrent Start) (Metadata GC Threshold) 167M->142M(1024M) 14.219ms
[2024-06-07T12:14:49.498+0530][gc,cpu        ] GC(4) User=0.03s Sys=0.00s Real=0.02s
[2024-06-07T12:14:49.500+0530][gc            ] GC(5) Concurrent Cycle
[2024-06-07T12:14:49.501+0530][gc,marking    ] GC(5) Concurrent Clear Claimed Marks
[2024-06-07T12:14:49.501+0530][gc,marking    ] GC(5) Concurrent Clear Claimed Marks 0.150ms
[2024-06-07T12:14:49.501+0530][gc,marking    ] GC(5) Concurrent Scan Root Regions
[2024-06-07T12:14:49.507+0530][gc,marking    ] GC(5) Concurrent Scan Root Regions 6.441ms
[2024-06-07T12:14:49.507+0530][gc,marking    ] GC(5) Concurrent Mark (3.816s)
[2024-06-07T12:14:49.507+0530][gc,marking    ] GC(5) Concurrent Mark From Roots
[2024-06-07T12:14:49.507+0530][gc,task       ] GC(5) Using 1 workers of 1 for marking
[2024-06-07T12:14:49.516+0530][gc,marking    ] GC(5) Concurrent Mark From Roots 8.948ms
[2024-06-07T12:14:49.516+0530][gc,marking    ] GC(5) Concurrent Preclean
[2024-06-07T12:14:49.516+0530][gc,marking    ] GC(5) Concurrent Preclean 0.074ms
[2024-06-07T12:14:49.516+0530][gc,marking    ] GC(5) Concurrent Mark (3.816s, 3.825s) 9.085ms
[2024-06-07T12:14:49.516+0530][gc,start      ] GC(5) Pause Remark
[2024-06-07T12:14:49.518+0530][gc,stringtable] GC(5) Cleaned string and symbol table, strings: 11290 processed, 12 removed, symbols: 85915 processed, 13 removed
[2024-06-07T12:14:49.519+0530][gc            ] GC(5) Pause Remark 143M->143M(1024M) 2.268ms
[2024-06-07T12:14:49.519+0530][gc,cpu        ] GC(5) User=0.01s Sys=0.00s Real=0.01s
[2024-06-07T12:14:49.519+0530][gc,marking    ] GC(5) Concurrent Rebuild Remembered Sets
[2024-06-07T12:14:49.523+0530][gc,marking    ] GC(5) Concurrent Rebuild Remembered Sets 4.291ms
[2024-06-07T12:14:49.523+0530][gc,start      ] GC(5) Pause Cleanup
[2024-06-07T12:14:49.523+0530][gc            ] GC(5) Pause Cleanup 143M->143M(1024M) 0.218ms
[2024-06-07T12:14:49.524+0530][gc,cpu        ] GC(5) User=0.00s Sys=0.00s Real=0.00s
[2024-06-07T12:14:49.524+0530][gc,marking    ] GC(5) Concurrent Cleanup for Next Mark
[2024-06-07T12:14:49.532+0530][gc,marking    ] GC(5) Concurrent Cleanup for Next Mark 8.257ms
[2024-06-07T12:14:49.532+0530][gc            ] GC(5) Concurrent Cycle 31.699ms
[2024-06-07T12:22:20.236+0530][gc,start      ] GC(6) Pause Young (Normal) (G1 Evacuation Pause)
[2024-06-07T12:22:20.247+0530][gc,task       ] GC(6) Using 4 workers of 4 for evacuation
[2024-06-07T12:22:20.263+0530][gc,phases     ] GC(6)   Pre Evacuate Collection Set: 0.2ms
[2024-06-07T12:22:20.263+0530][gc,phases     ] GC(6)   Evacuate Collection Set: 14.2ms
[2024-06-07T12:22:20.263+0530][gc,phases     ] GC(6)   Post Evacuate Collection Set: 0.9ms
[2024-06-07T12:22:20.263+0530][gc,phases     ] GC(6)   Other: 11.9ms
[2024-06-07T12:22:20.263+0530][gc,heap       ] GC(6) Eden regions: 45->0(45)
[2024-06-07T12:22:20.263+0530][gc,heap       ] GC(6) Survivor regions: 6->6(7)
[2024-06-07T12:22:20.263+0530][gc,heap       ] GC(6) Old regions: 10->13
[2024-06-07T12:22:20.263+0530][gc,heap       ] GC(6) Humongous regions: 129->129
[2024-06-07T12:22:20.263+0530][gc,metaspace  ] GC(6) Metaspace: 40633K(42752K)->40633K(42752K) NonClass: 35548K(36608K)->35548K(36608K) Class: 5085K(6144K)->5085K(6144K)
[2024-06-07T12:22:20.263+0530][gc            ] GC(6) Pause Young (Normal) (G1 Evacuation Pause) 187M->146M(1024M) 27.320ms
[2024-06-07T12:22:20.263+0530][gc,cpu        ] GC(6) User=0.05s Sys=0.00s Real=0.03s
[2024-06-07T12:39:03.227+0530][gc,start      ] GC(7) Pause Young (Normal) (G1 Evacuation Pause)
[2024-06-07T12:39:03.227+0530][gc,task       ] GC(7) Using 4 workers of 4 for evacuation
[2024-06-07T12:39:03.236+0530][gc,phases     ] GC(7)   Pre Evacuate Collection Set: 0.0ms
[2024-06-07T12:39:03.236+0530][gc,phases     ] GC(7)   Evacuate Collection Set: 8.0ms
[2024-06-07T12:39:03.236+0530][gc,phases     ] GC(7)   Post Evacuate Collection Set: 0.8ms
[2024-06-07T12:39:03.236+0530][gc,phases     ] GC(7)   Other: 0.3ms
[2024-06-07T12:39:03.236+0530][gc,heap       ] GC(7) Eden regions: 45->0(48)
[2024-06-07T12:39:03.236+0530][gc,heap       ] GC(7) Survivor regions: 6->3(7)
[2024-06-07T12:39:03.236+0530][gc,heap       ] GC(7) Old regions: 13->15
[2024-06-07T12:39:03.236+0530][gc,heap       ] GC(7) Humongous regions: 129->129
[2024-06-07T12:39:03.236+0530][gc,metaspace  ] GC(7) Metaspace: 41436K(43776K)->41436K(43776K) NonClass: 36237K(37376K)->36237K(37376K) Class: 5199K(6400K)->5199K(6400K)
[2024-06-07T12:39:03.236+0530][gc            ] GC(7) Pause Young (Normal) (G1 Evacuation Pause) 191M->145M(1024M) 9.260ms
[2024-06-07T12:39:03.236+0530][gc,cpu        ] GC(7) User=0.03s Sys=0.01s Real=0.01s
[2024-06-07T12:57:52.006+0530][gc,start      ] GC(8) Pause Young (Normal) (G1 Evacuation Pause)
[2024-06-07T12:57:52.006+0530][gc,task       ] GC(8) Using 4 workers of 4 for evacuation
[2024-06-07T12:57:52.016+0530][gc,phases     ] GC(8)   Pre Evacuate Collection Set: 0.0ms
[2024-06-07T12:57:52.016+0530][gc,phases     ] GC(8)   Evacuate Collection Set: 9.1ms
[2024-06-07T12:57:52.016+0530][gc,phases     ] GC(8)   Post Evacuate Collection Set: 0.5ms
[2024-06-07T12:57:52.016+0530][gc,phases     ] GC(8)   Other: 0.3ms
[2024-06-07T12:57:52.016+0530][gc,heap       ] GC(8) Eden regions: 48->0(47)
[2024-06-07T12:57:52.016+0530][gc,heap       ] GC(8) Survivor regions: 3->4(7)
[2024-06-07T12:57:52.016+0530][gc,heap       ] GC(8) Old regions: 15->15
[2024-06-07T12:57:52.016+0530][gc,heap       ] GC(8) Humongous regions: 129->129
[2024-06-07T12:57:52.016+0530][gc,metaspace  ] GC(8) Metaspace: 41573K(44032K)->41573K(44032K) NonClass: 36374K(37632K)->36374K(37632K) Class: 5199K(6400K)->5199K(6400K)
[2024-06-07T12:57:52.016+0530][gc            ] GC(8) Pause Young (Normal) (G1 Evacuation Pause) 193M->146M(1024M) 10.043ms
[2024-06-07T12:57:52.016+0530][gc,cpu        ] GC(8) User=0.03s Sys=0.00s Real=0.01s
[2024-06-07T13:16:33.296+0530][gc,start      ] GC(9) Pause Young (Normal) (G1 Evacuation Pause)
[2024-06-07T13:16:33.296+0530][gc,task       ] GC(9) Using 4 workers of 4 for evacuation
[2024-06-07T13:16:33.303+0530][gc,phases     ] GC(9)   Pre Evacuate Collection Set: 0.0ms
[2024-06-07T13:16:33.303+0530][gc,phases     ] GC(9)   Evacuate Collection Set: 6.1ms
[2024-06-07T13:16:33.303+0530][gc,phases     ] GC(9)   Post Evacuate Collection Set: 0.7ms
[2024-06-07T13:16:33.304+0530][gc,phases     ] GC(9)   Other: 0.3ms
[2024-06-07T13:16:33.304+0530][gc,heap       ] GC(9) Eden regions: 47->0(47)
[2024-06-07T13:16:33.304+0530][gc,heap       ] GC(9) Survivor regions: 4->4(7)
[2024-06-07T13:16:33.304+0530][gc,heap       ] GC(9) Old regions: 15->15
[2024-06-07T13:16:33.304+0530][gc,heap       ] GC(9) Humongous regions: 129->129
[2024-06-07T13:16:33.304+0530][gc,metaspace  ] GC(9) Metaspace: 41677K(44032K)->41677K(44032K) NonClass: 36472K(37632K)->36472K(37632K) Class: 5204K(6400K)->5204K(6400K)
[2024-06-07T13:16:33.304+0530][gc            ] GC(9) Pause Young (Normal) (G1 Evacuation Pause) 193M->146M(1024M) 7.202ms
[2024-06-07T13:16:33.304+0530][gc,cpu        ] GC(9) User=0.03s Sys=0.00s Real=0.01s
[2024-06-07T13:36:24.206+0530][gc,start      ] GC(10) Pause Young (Normal) (G1 Evacuation Pause)
[2024-06-07T13:36:24.206+0530][gc,task       ] GC(10) Using 4 workers of 4 for evacuation
[2024-06-07T13:36:24.213+0530][gc,phases     ] GC(10)   Pre Evacuate Collection Set: 0.0ms
[2024-06-07T13:36:24.213+0530][gc,phases     ] GC(10)   Evacuate Collection Set: 5.2ms
[2024-06-07T13:36:24.213+0530][gc,phases     ] GC(10)   Post Evacuate Collection Set: 0.7ms
[2024-06-07T13:36:24.213+0530][gc,phases     ] GC(10)   Other: 0.3ms
[2024-06-07T13:36:24.213+0530][gc,heap       ] GC(10) Eden regions: 47->0(47)
[2024-06-07T13:36:24.213+0530][gc,heap       ] GC(10) Survivor regions: 4->4(7)
[2024-06-07T13:36:24.213+0530][gc,heap       ] GC(10) Old regions: 15->15
[2024-06-07T13:36:24.213+0530][gc,heap       ] GC(10) Humongous regions: 129->129
[2024-06-07T13:36:24.213+0530][gc,metaspace  ] GC(10) Metaspace: 41721K(44288K)->41721K(44288K) NonClass: 36517K(37888K)->36517K(37888K) Class: 5204K(6400K)->5204K(6400K)
[2024-06-07T13:36:24.213+0530][gc            ] GC(10) Pause Young (Normal) (G1 Evacuation Pause) 193M->146M(1024M) 6.411ms
[2024-06-07T13:36:24.213+0530][gc,cpu        ] GC(10) User=0.02s Sys=0.00s Real=0.01s
[2024-06-07T13:56:16.425+0530][gc,start      ] GC(11) Pause Young (Normal) (G1 Evacuation Pause)
[2024-06-07T13:56:16.425+0530][gc,task       ] GC(11) Using 4 workers of 4 for evacuation
[2024-06-07T13:56:16.432+0530][gc,phases     ] GC(11)   Pre Evacuate Collection Set: 0.0ms
[2024-06-07T13:56:16.432+0530][gc,phases     ] GC(11)   Evacuate Collection Set: 5.9ms
[2024-06-07T13:56:16.432+0530][gc,phases     ] GC(11)   Post Evacuate Collection Set: 0.8ms
[2024-06-07T13:56:16.432+0530][gc,phases     ] GC(11)   Other: 0.3ms
[2024-06-07T13:56:16.432+0530][gc,heap       ] GC(11) Eden regions: 47->0(56)
[2024-06-07T13:56:16.432+0530][gc,heap       ] GC(11) Survivor regions: 4->4(7)
[2024-06-07T13:56:16.432+0530][gc,heap       ] GC(11) Old regions: 15->15
[2024-06-07T13:56:16.432+0530][gc,heap       ] GC(11) Humongous regions: 129->129
[2024-06-07T13:56:16.432+0530][gc,metaspace  ] GC(11) Metaspace: 41779K(44288K)->41779K(44288K) NonClass: 36575K(37888K)->36575K(37888K) Class: 5204K(6400K)->5204K(6400K)
[2024-06-07T13:56:16.432+0530][gc            ] GC(11) Pause Young (Normal) (G1 Evacuation Pause) 193M->146M(1024M) 7.165ms
[2024-06-07T13:56:16.432+0530][gc,cpu        ] GC(11) User=0.03s Sys=0.00s Real=0.01s
[2024-06-07T14:18:58.103+0530][gc,start      ] GC(12) Pause Young (Normal) (G1 Evacuation Pause)
[2024-06-07T14:18:58.110+0530][gc,task       ] GC(12) Using 4 workers of 4 for evacuation
[2024-06-07T14:18:58.119+0530][gc,phases     ] GC(12)   Pre Evacuate Collection Set: 0.2ms
[2024-06-07T14:18:58.119+0530][gc,phases     ] GC(12)   Evacuate Collection Set: 7.0ms
[2024-06-07T14:18:58.119+0530][gc,phases     ] GC(12)   Post Evacuate Collection Set: 1.2ms
[2024-06-07T14:18:58.119+0530][gc,phases     ] GC(12)   Other: 7.2ms
[2024-06-07T14:18:58.119+0530][gc,heap       ] GC(12) Eden regions: 56->0(60)
[2024-06-07T14:18:58.119+0530][gc,heap       ] GC(12) Survivor regions: 4->4(8)
[2024-06-07T14:18:58.119+0530][gc,heap       ] GC(12) Old regions: 15->15
[2024-06-07T14:18:58.119+0530][gc,heap       ] GC(12) Humongous regions: 129->129
[2024-06-07T14:18:58.119+0530][gc,metaspace  ] GC(12) Metaspace: 41796K(44288K)->41796K(44288K) NonClass: 36589K(37888K)->36589K(37888K) Class: 5207K(6400K)->5207K(6400K)
[2024-06-07T14:18:58.119+0530][gc            ] GC(12) Pause Young (Normal) (G1 Evacuation Pause) 202M->146M(1024M) 15.734ms
[2024-06-07T14:18:58.119+0530][gc,cpu        ] GC(12) User=0.02s Sys=0.00s Real=0.02s
[2024-06-07T14:44:19.969+0530][gc,start      ] GC(13) Pause Young (Normal) (G1 Evacuation Pause)
[2024-06-07T14:44:19.980+0530][gc,task       ] GC(13) Using 4 workers of 4 for evacuation
[2024-06-07T14:44:20.016+0530][gc,mmu        ] GC(13) MMU target violated: 21.0ms (20.0ms/21.0ms)
[2024-06-07T14:44:20.016+0530][gc,phases     ] GC(13)   Pre Evacuate Collection Set: 9.0ms
[2024-06-07T14:44:20.016+0530][gc,phases     ] GC(13)   Evacuate Collection Set: 16.7ms
[2024-06-07T14:44:20.016+0530][gc,phases     ] GC(13)   Post Evacuate Collection Set: 9.5ms
[2024-06-07T14:44:20.016+0530][gc,phases     ] GC(13)   Other: 13.4ms
[2024-06-07T14:44:20.016+0530][gc,heap       ] GC(13) Eden regions: 60->0(47)
[2024-06-07T14:44:20.016+0530][gc,heap       ] GC(13) Survivor regions: 4->4(8)
[2024-06-07T14:44:20.016+0530][gc,heap       ] GC(13) Old regions: 15->15
[2024-06-07T14:44:20.016+0530][gc,heap       ] GC(13) Humongous regions: 129->129
[2024-06-07T14:44:20.016+0530][gc,metaspace  ] GC(13) Metaspace: 41837K(44288K)->41837K(44288K) NonClass: 36629K(37888K)->36629K(37888K) Class: 5207K(6400K)->5207K(6400K)
[2024-06-07T14:44:20.016+0530][gc            ] GC(13) Pause Young (Normal) (G1 Evacuation Pause) 206M->145M(1024M) 47.337ms
[2024-06-07T14:44:20.016+0530][gc,cpu        ] GC(13) User=0.05s Sys=0.00s Real=0.04s
