[2024-06-07T11:59:54.755+0530][gc,heap] Heap region size: 1M
[2024-06-07T11:59:54.765+0530][gc     ] Using G1
[2024-06-07T11:59:54.765+0530][gc,heap,coops] Heap address: 0x00000000c0000000, size: 1024 MB, Compressed Oops mode: 32-bit
[2024-06-07T11:59:54.765+0530][gc,cds       ] Mark closed archive regions in map: [0x00000000fff00000, 0x00000000fff6bff8]
[2024-06-07T11:59:54.765+0530][gc,cds       ] Mark open archive regions in map: [0x00000000ffe00000, 0x00000000ffe47ff8]
[2024-06-07T11:59:55.694+0530][gc,start     ] GC(0) Pause Young (Normal) (G1 Evacuation Pause)
[2024-06-07T11:59:55.694+0530][gc,task      ] GC(0) Using 4 workers of 4 for evacuation
[2024-06-07T11:59:55.704+0530][gc,phases    ] GC(0)   Pre Evacuate Collection Set: 0.0ms
[2024-06-07T11:59:55.704+0530][gc,phases    ] GC(0)   Evacuate Collection Set: 8.8ms
[2024-06-07T11:59:55.704+0530][gc,phases    ] GC(0)   Post Evacuate Collection Set: 0.6ms
[2024-06-07T11:59:55.704+0530][gc,phases    ] GC(0)   Other: 0.6ms
[2024-06-07T11:59:55.704+0530][gc,heap      ] GC(0) Eden regions: 51->0(44)
[2024-06-07T11:59:55.704+0530][gc,heap      ] GC(0) Survivor regions: 0->7(7)
[2024-06-07T11:59:55.704+0530][gc,heap      ] GC(0) Old regions: 2->2
[2024-06-07T11:59:55.704+0530][gc,heap      ] GC(0) Humongous regions: 0->0
[2024-06-07T11:59:55.704+0530][gc,metaspace ] GC(0) Metaspace: 14204K(14848K)->14204K(14848K) NonClass: 12435K(12800K)->12435K(12800K) Class: 1769K(2048K)->1769K(2048K)
[2024-06-07T11:59:55.704+0530][gc           ] GC(0) Pause Young (Normal) (G1 Evacuation Pause) 51M->7M(1024M) 10.081ms
[2024-06-07T11:59:55.704+0530][gc,cpu       ] GC(0) User=0.02s Sys=0.00s Real=0.01s
[2024-06-07T11:59:56.460+0530][gc,start     ] GC(1) Pause Young (Concurrent Start) (Metadata GC Threshold)
[2024-06-07T11:59:56.460+0530][gc,task      ] GC(1) Using 4 workers of 4 for evacuation
[2024-06-07T11:59:56.474+0530][gc,phases    ] GC(1)   Pre Evacuate Collection Set: 0.1ms
[2024-06-07T11:59:56.474+0530][gc,phases    ] GC(1)   Evacuate Collection Set: 13.4ms
[2024-06-07T11:59:56.474+0530][gc,phases    ] GC(1)   Post Evacuate Collection Set: 0.7ms
[2024-06-07T11:59:56.474+0530][gc,phases    ] GC(1)   Other: 0.2ms
[2024-06-07T11:59:56.474+0530][gc,heap      ] GC(1) Eden regions: 30->0(49)
[2024-06-07T11:59:56.474+0530][gc,heap      ] GC(1) Survivor regions: 7->2(7)
[2024-06-07T11:59:56.474+0530][gc,heap      ] GC(1) Old regions: 2->9
[2024-06-07T11:59:56.474+0530][gc,heap      ] GC(1) Humongous regions: 0->0
[2024-06-07T11:59:56.474+0530][gc,metaspace ] GC(1) Metaspace: 20669K(21248K)->20669K(21248K) NonClass: 18125K(18432K)->18125K(18432K) Class: 2543K(2816K)->2543K(2816K)
[2024-06-07T11:59:56.474+0530][gc           ] GC(1) Pause Young (Concurrent Start) (Metadata GC Threshold) 37M->8M(1024M) 14.452ms
[2024-06-07T11:59:56.474+0530][gc,cpu       ] GC(1) User=0.03s Sys=0.00s Real=0.01s
[2024-06-07T11:59:56.474+0530][gc           ] GC(2) Concurrent Cycle
[2024-06-07T11:59:56.474+0530][gc,marking   ] GC(2) Concurrent Clear Claimed Marks
[2024-06-07T11:59:56.474+0530][gc,marking   ] GC(2) Concurrent Clear Claimed Marks 0.065ms
[2024-06-07T11:59:56.474+0530][gc,marking   ] GC(2) Concurrent Scan Root Regions
[2024-06-07T11:59:56.475+0530][gc,marking   ] GC(2) Concurrent Scan Root Regions 0.962ms
[2024-06-07T11:59:56.475+0530][gc,marking   ] GC(2) Concurrent Mark (1.724s)
[2024-06-07T11:59:56.475+0530][gc,marking   ] GC(2) Concurrent Mark From Roots
[2024-06-07T11:59:56.475+0530][gc,task      ] GC(2) Using 1 workers of 1 for marking
[2024-06-07T11:59:56.482+0530][gc,marking   ] GC(2) Concurrent Mark From Roots 6.583ms
[2024-06-07T11:59:56.482+0530][gc,marking   ] GC(2) Concurrent Preclean
[2024-06-07T11:59:56.482+0530][gc,marking   ] GC(2) Concurrent Preclean 0.080ms
[2024-06-07T11:59:56.482+0530][gc,marking   ] GC(2) Concurrent Mark (1.724s, 1.730s) 6.745ms
[2024-06-07T11:59:56.482+0530][gc,start     ] GC(2) Pause Remark
[2024-06-07T11:59:56.485+0530][gc,stringtable] GC(2) Cleaned string and symbol table, strings: 5697 processed, 0 removed, symbols: 53178 processed, 43 removed
[2024-06-07T11:59:56.485+0530][gc            ] GC(2) Pause Remark 8M->8M(1024M) 2.627ms
[2024-06-07T11:59:56.485+0530][gc,cpu        ] GC(2) User=0.01s Sys=0.00s Real=0.00s
[2024-06-07T11:59:56.485+0530][gc,marking    ] GC(2) Concurrent Rebuild Remembered Sets
[2024-06-07T11:59:56.489+0530][gc,marking    ] GC(2) Concurrent Rebuild Remembered Sets 4.417ms
[2024-06-07T11:59:56.490+0530][gc,start      ] GC(2) Pause Cleanup
[2024-06-07T11:59:56.490+0530][gc            ] GC(2) Pause Cleanup 8M->8M(1024M) 0.349ms
[2024-06-07T11:59:56.490+0530][gc,cpu        ] GC(2) User=0.00s Sys=0.00s Real=0.00s
[2024-06-07T11:59:56.490+0530][gc,marking    ] GC(2) Concurrent Cleanup for Next Mark
[2024-06-07T11:59:56.498+0530][gc,marking    ] GC(2) Concurrent Cleanup for Next Mark 7.710ms
[2024-06-07T11:59:56.498+0530][gc            ] GC(2) Concurrent Cycle 23.673ms
[2024-06-07T11:59:57.252+0530][gc,start      ] GC(3) Pause Young (Normal) (G1 Evacuation Pause)
[2024-06-07T11:59:57.252+0530][gc,task       ] GC(3) Using 4 workers of 4 for evacuation
[2024-06-07T11:59:57.261+0530][gc,phases     ] GC(3)   Pre Evacuate Collection Set: 0.0ms
[2024-06-07T11:59:57.261+0530][gc,phases     ] GC(3)   Evacuate Collection Set: 6.4ms
[2024-06-07T11:59:57.261+0530][gc,phases     ] GC(3)   Post Evacuate Collection Set: 2.4ms
[2024-06-07T11:59:57.261+0530][gc,phases     ] GC(3)   Other: 0.2ms
[2024-06-07T11:59:57.261+0530][gc,heap       ] GC(3) Eden regions: 49->0(46)
[2024-06-07T11:59:57.261+0530][gc,heap       ] GC(3) Survivor regions: 2->5(7)
[2024-06-07T11:59:57.261+0530][gc,heap       ] GC(3) Old regions: 9->9
[2024-06-07T11:59:57.261+0530][gc,heap       ] GC(3) Humongous regions: 129->129
[2024-06-07T11:59:57.261+0530][gc,metaspace  ] GC(3) Metaspace: 28827K(29952K)->28827K(29952K) NonClass: 25454K(26112K)->25454K(26112K) Class: 3372K(3840K)->3372K(3840K)
[2024-06-07T11:59:57.261+0530][gc            ] GC(3) Pause Young (Normal) (G1 Evacuation Pause) 186M->140M(1024M) 9.164ms
[2024-06-07T11:59:57.261+0530][gc,cpu        ] GC(3) User=0.02s Sys=0.00s Real=0.01s
[2024-06-07T11:59:57.893+0530][gc,start      ] GC(4) Pause Young (Concurrent Start) (Metadata GC Threshold)
[2024-06-07T11:59:57.893+0530][gc,task       ] GC(4) Using 4 workers of 4 for evacuation
[2024-06-07T11:59:57.905+0530][gc,phases     ] GC(4)   Pre Evacuate Collection Set: 0.1ms
[2024-06-07T11:59:57.905+0530][gc,phases     ] GC(4)   Evacuate Collection Set: 10.9ms
[2024-06-07T11:59:57.905+0530][gc,phases     ] GC(4)   Post Evacuate Collection Set: 0.3ms
[2024-06-07T11:59:57.905+0530][gc,phases     ] GC(4)   Other: 0.3ms
[2024-06-07T11:59:57.905+0530][gc,heap       ] GC(4) Eden regions: 30->0(48)
[2024-06-07T11:59:57.905+0530][gc,heap       ] GC(4) Survivor regions: 5->3(7)
[2024-06-07T11:59:57.905+0530][gc,heap       ] GC(4) Old regions: 9->13
[2024-06-07T11:59:57.905+0530][gc,heap       ] GC(4) Humongous regions: 129->129
[2024-06-07T11:59:57.905+0530][gc,metaspace  ] GC(4) Metaspace: 34508K(35840K)->34508K(35840K) NonClass: 30425K(31104K)->30425K(31104K) Class: 4082K(4736K)->4082K(4736K)
[2024-06-07T11:59:57.905+0530][gc            ] GC(4) Pause Young (Concurrent Start) (Metadata GC Threshold) 170M->142M(1024M) 11.660ms
[2024-06-07T11:59:57.905+0530][gc,cpu        ] GC(4) User=0.03s Sys=0.00s Real=0.01s
[2024-06-07T11:59:57.905+0530][gc            ] GC(5) Concurrent Cycle
[2024-06-07T11:59:57.905+0530][gc,marking    ] GC(5) Concurrent Clear Claimed Marks
[2024-06-07T11:59:57.905+0530][gc,marking    ] GC(5) Concurrent Clear Claimed Marks 0.057ms
[2024-06-07T11:59:57.905+0530][gc,marking    ] GC(5) Concurrent Scan Root Regions
[2024-06-07T11:59:57.907+0530][gc,marking    ] GC(5) Concurrent Scan Root Regions 1.675ms
[2024-06-07T11:59:57.907+0530][gc,marking    ] GC(5) Concurrent Mark (3.155s)
[2024-06-07T11:59:57.907+0530][gc,marking    ] GC(5) Concurrent Mark From Roots
[2024-06-07T11:59:57.907+0530][gc,task       ] GC(5) Using 1 workers of 1 for marking
[2024-06-07T11:59:57.921+0530][gc,marking    ] GC(5) Concurrent Mark From Roots 14.745ms
[2024-06-07T11:59:57.921+0530][gc,marking    ] GC(5) Concurrent Preclean
[2024-06-07T11:59:57.922+0530][gc,marking    ] GC(5) Concurrent Preclean 0.113ms
[2024-06-07T11:59:57.922+0530][gc,marking    ] GC(5) Concurrent Mark (3.155s, 3.170s) 14.924ms
[2024-06-07T11:59:57.925+0530][gc,start      ] GC(5) Pause Remark
[2024-06-07T11:59:57.930+0530][gc,stringtable] GC(5) Cleaned string and symbol table, strings: 11406 processed, 12 removed, symbols: 84966 processed, 12 removed
[2024-06-07T11:59:57.930+0530][gc            ] GC(5) Pause Remark 145M->145M(1024M) 4.543ms
[2024-06-07T11:59:57.930+0530][gc,cpu        ] GC(5) User=0.01s Sys=0.00s Real=0.01s
[2024-06-07T11:59:57.930+0530][gc,marking    ] GC(5) Concurrent Rebuild Remembered Sets
[2024-06-07T11:59:57.939+0530][gc,marking    ] GC(5) Concurrent Rebuild Remembered Sets 8.498ms
[2024-06-07T11:59:57.939+0530][gc,start      ] GC(5) Pause Cleanup
[2024-06-07T11:59:57.939+0530][gc            ] GC(5) Pause Cleanup 147M->147M(1024M) 0.303ms
[2024-06-07T11:59:57.939+0530][gc,cpu        ] GC(5) User=0.00s Sys=0.00s Real=0.00s
[2024-06-07T11:59:57.940+0530][gc,marking    ] GC(5) Concurrent Cleanup for Next Mark
[2024-06-07T11:59:57.947+0530][gc,marking    ] GC(5) Concurrent Cleanup for Next Mark 7.726ms
[2024-06-07T11:59:57.948+0530][gc            ] GC(5) Concurrent Cycle 42.769ms
[2024-06-07T12:14:38.363+0530][gc,heap,exit  ] Heap
[2024-06-07T12:14:38.377+0530][gc,heap,exit  ]  garbage-first heap   total 1048576K, used 190255K [0x00000000c0000000, 0x0000000100000000)
[2024-06-07T12:14:38.377+0530][gc,heap,exit  ]   region size 1024K, 48 young (49152K), 3 survivors (3072K)
[2024-06-07T12:14:38.377+0530][gc,heap,exit  ]  Metaspace       used 40487K, capacity 42791K, committed 42956K, reserved 1085440K
[2024-06-07T12:14:38.377+0530][gc,heap,exit  ]   class space    used 5351K, capacity 6537K, committed 6604K, reserved 1048576K
