[2024-05-29T11:00:59.729+0530][gc,heap] Heap region size: 1M
[2024-05-29T11:00:59.741+0530][gc     ] Using G1
[2024-05-29T11:00:59.741+0530][gc,heap,coops] Heap address: 0x00000000c0000000, size: 1024 MB, Compressed Oops mode: 32-bit
[2024-05-29T11:00:59.742+0530][gc,cds       ] Mark closed archive regions in map: [0x00000000fff00000, 0x00000000fff6bff8]
[2024-05-29T11:00:59.742+0530][gc,cds       ] Mark open archive regions in map: [0x00000000ffe00000, 0x00000000ffe47ff8]
[2024-05-29T11:01:00.632+0530][gc,heap,exit ] Heap
[2024-05-29T11:01:00.632+0530][gc,heap,exit ]  garbage-first heap   total 1048576K, used 34512K [0x00000000c0000000, 0x0000000100000000)
[2024-05-29T11:01:00.632+0530][gc,heap,exit ]   region size 1024K, 34 young (34816K), 0 survivors (0K)
[2024-05-29T11:01:00.632+0530][gc,heap,exit ]  Metaspace       used 9850K, capacity 10191K, committed 10368K, reserved 1058816K
[2024-05-29T11:01:00.632+0530][gc,heap,exit ]   class space    used 1246K, capacity 1362K, committed 1408K, reserved 1048576K
