[2024-05-29T10:58:23.567+0530][gc,heap] Heap region size: 1M
[2024-05-29T10:58:23.574+0530][gc     ] Using G1
[2024-05-29T10:58:23.574+0530][gc,heap,coops] Heap address: 0x00000000e0000000, size: 512 MB, Compressed Oops mode: 32-bit
[2024-05-29T10:58:23.574+0530][gc,cds       ] Mark closed archive regions in map: [0x00000000fff00000, 0x00000000fff6bff8]
[2024-05-29T10:58:23.574+0530][gc,cds       ] Mark open archive regions in map: [0x00000000ffe00000, 0x00000000ffe47ff8]
[2024-05-29T10:58:25.714+0530][gc,heap,exit ] Heap
[2024-05-29T10:58:25.714+0530][gc,heap,exit ]  garbage-first heap   total 524288K, used 18128K [0x00000000e0000000, 0x0000000100000000)
[2024-05-29T10:58:25.714+0530][gc,heap,exit ]   region size 1024K, 18 young (18432K), 0 survivors (0K)
[2024-05-29T10:58:25.714+0530][gc,heap,exit ]  Metaspace       used 6292K, capacity 6596K, committed 6784K, reserved 1056768K
[2024-05-29T10:58:25.714+0530][gc,heap,exit ]   class space    used 720K, capacity 847K, committed 896K, reserved 1048576K
