[2024-06-07T11:59:33.081+0530][gc,heap] Heap region size: 1M
[2024-06-07T11:59:33.086+0530][gc     ] Using G1
[2024-06-07T11:59:33.086+0530][gc,heap,coops] Heap address: 0x00000000e0000000, size: 512 MB, Compressed Oops mode: 32-bit
[2024-06-07T11:59:33.087+0530][gc,cds       ] Mark closed archive regions in map: [0x00000000fff00000, 0x00000000fff6bff8]
[2024-06-07T11:59:33.087+0530][gc,cds       ] Mark open archive regions in map: [0x00000000ffe00000, 0x00000000ffe47ff8]
[2024-06-07T11:59:34.254+0530][gc,start     ] GC(0) Pause Young (Normal) (G1 Evacuation Pause)
[2024-06-07T11:59:34.255+0530][gc,task      ] GC(0) Using 4 workers of 4 for evacuation
[2024-06-07T11:59:34.265+0530][gc,phases    ] GC(0)   Pre Evacuate Collection Set: 0.0ms
[2024-06-07T11:59:34.265+0530][gc,phases    ] GC(0)   Evacuate Collection Set: 8.7ms
[2024-06-07T11:59:34.265+0530][gc,phases    ] GC(0)   Post Evacuate Collection Set: 0.4ms
[2024-06-07T11:59:34.265+0530][gc,phases    ] GC(0)   Other: 1.9ms
[2024-06-07T11:59:34.265+0530][gc,heap      ] GC(0) Eden regions: 25->0(21)
[2024-06-07T11:59:34.265+0530][gc,heap      ] GC(0) Survivor regions: 0->4(4)
[2024-06-07T11:59:34.265+0530][gc,heap      ] GC(0) Old regions: 2->5
[2024-06-07T11:59:34.265+0530][gc,heap      ] GC(0) Humongous regions: 0->0
[2024-06-07T11:59:34.265+0530][gc,metaspace ] GC(0) Metaspace: 7370K(7936K)->7370K(7936K) NonClass: 6541K(6912K)->6541K(6912K) Class: 829K(1024K)->829K(1024K)
[2024-06-07T11:59:34.265+0530][gc           ] GC(0) Pause Young (Normal) (G1 Evacuation Pause) 25M->7M(512M) 11.146ms
[2024-06-07T11:59:34.265+0530][gc,cpu       ] GC(0) User=0.01s Sys=0.01s Real=0.01s
[2024-06-07T12:14:29.692+0530][gc,heap,exit ] Heap
[2024-06-07T12:14:29.702+0530][gc,heap,exit ]  garbage-first heap   total 524288K, used 18123K [0x00000000e0000000, 0x0000000100000000)
[2024-06-07T12:14:29.702+0530][gc,heap,exit ]   region size 1024K, 15 young (15360K), 4 survivors (4096K)
[2024-06-07T12:14:29.702+0530][gc,heap,exit ]  Metaspace       used 8956K, capacity 9337K, committed 9600K, reserved 1058816K
[2024-06-07T12:14:29.702+0530][gc,heap,exit ]   class space    used 984K, capacity 1120K, committed 1152K, reserved 1048576K
