[2024-05-29T11:38:30.228+0530][gc,heap] Heap region size: 1M
[2024-05-29T11:38:30.234+0530][gc     ] Using G1
[2024-05-29T11:38:30.234+0530][gc,heap,coops] Heap address: 0x00000000e0000000, size: 512 MB, Compressed Oops mode: 32-bit
[2024-05-29T11:38:30.234+0530][gc,cds       ] Mark closed archive regions in map: [0x00000000fff00000, 0x00000000fff6bff8]
[2024-05-29T11:38:30.234+0530][gc,cds       ] Mark open archive regions in map: [0x00000000ffe00000, 0x00000000ffe47ff8]
[2024-05-29T11:38:30.903+0530][gc,start     ] GC(0) Pause Young (Normal) (G1 Evacuation Pause)
[2024-05-29T11:38:30.904+0530][gc,task      ] GC(0) Using 4 workers of 4 for evacuation
[2024-05-29T11:38:30.912+0530][gc,phases    ] GC(0)   Pre Evacuate Collection Set: 0.0ms
[2024-05-29T11:38:30.912+0530][gc,phases    ] GC(0)   Evacuate Collection Set: 7.4ms
[2024-05-29T11:38:30.912+0530][gc,phases    ] GC(0)   Post Evacuate Collection Set: 0.4ms
[2024-05-29T11:38:30.912+0530][gc,phases    ] GC(0)   Other: 0.5ms
[2024-05-29T11:38:30.912+0530][gc,heap      ] GC(0) Eden regions: 25->0(21)
[2024-05-29T11:38:30.912+0530][gc,heap      ] GC(0) Survivor regions: 0->4(4)
[2024-05-29T11:38:30.912+0530][gc,heap      ] GC(0) Old regions: 2->5
[2024-05-29T11:38:30.912+0530][gc,heap      ] GC(0) Humongous regions: 0->0
[2024-05-29T11:38:30.912+0530][gc,metaspace ] GC(0) Metaspace: 7396K(7936K)->7396K(7936K) NonClass: 6565K(6912K)->6565K(6912K) Class: 831K(1024K)->831K(1024K)
[2024-05-29T11:38:30.912+0530][gc           ] GC(0) Pause Young (Normal) (G1 Evacuation Pause) 25M->7M(512M) 8.413ms
[2024-05-29T11:38:30.912+0530][gc,cpu       ] GC(0) User=0.02s Sys=0.00s Real=0.01s
[2024-05-29T13:45:57.333+0530][gc,start     ] GC(1) Pause Young (Normal) (G1 Evacuation Pause)
[2024-05-29T13:45:57.358+0530][gc,task      ] GC(1) Using 4 workers of 4 for evacuation
[2024-05-29T13:45:59.223+0530][gc,mmu       ] GC(1) MMU target violated: 21.0ms (20.0ms/21.0ms)
[2024-05-29T13:45:59.223+0530][gc,phases    ] GC(1)   Pre Evacuate Collection Set: 48.0ms
[2024-05-29T13:45:59.223+0530][gc,phases    ] GC(1)   Evacuate Collection Set: 1761.0ms
[2024-05-29T13:45:59.223+0530][gc,phases    ] GC(1)   Post Evacuate Collection Set: 22.5ms
[2024-05-29T13:45:59.223+0530][gc,phases    ] GC(1)   Other: 72.6ms
[2024-05-29T13:45:59.223+0530][gc,heap      ] GC(1) Eden regions: 21->0(24)
[2024-05-29T13:45:59.223+0530][gc,heap      ] GC(1) Survivor regions: 4->1(4)
[2024-05-29T13:45:59.223+0530][gc,heap      ] GC(1) Old regions: 5->10
[2024-05-29T13:45:59.223+0530][gc,heap      ] GC(1) Humongous regions: 0->0
[2024-05-29T13:45:59.223+0530][gc,metaspace ] GC(1) Metaspace: 9333K(9856K)->9333K(9856K) NonClass: 8346K(8704K)->8346K(8704K) Class: 987K(1152K)->987K(1152K)
[2024-05-29T13:45:59.223+0530][gc           ] GC(1) Pause Young (Normal) (G1 Evacuation Pause) 28M->8M(512M) 1889.891ms
[2024-05-29T13:45:59.223+0530][gc,cpu       ] GC(1) User=0.72s Sys=0.03s Real=1.89s
[2024-05-29T14:57:59.676+0530][gc,heap,exit ] Heap
[2024-05-29T14:57:59.676+0530][gc,heap,exit ]  garbage-first heap   total 524288K, used 13074K [0x00000000e0000000, 0x0000000100000000)
[2024-05-29T14:57:59.676+0530][gc,heap,exit ]   region size 1024K, 6 young (6144K), 1 survivors (1024K)
[2024-05-29T14:57:59.676+0530][gc,heap,exit ]  Metaspace       used 9339K, capacity 9716K, committed 9856K, reserved 1058816K
[2024-05-29T14:57:59.676+0530][gc,heap,exit ]   class space    used 987K, capacity 1122K, committed 1152K, reserved 1048576K
