[2024-06-07T12:14:33.672+0530][gc,heap] Heap region size: 1M
[2024-06-07T12:14:33.678+0530][gc     ] Using G1
[2024-06-07T12:14:33.678+0530][gc,heap,coops] Heap address: 0x00000000e0000000, size: 512 MB, Compressed Oops mode: 32-bit
[2024-06-07T12:14:33.679+0530][gc,cds       ] Mark closed archive regions in map: [0x00000000fff00000, 0x00000000fff6bff8]
[2024-06-07T12:14:33.679+0530][gc,cds       ] Mark open archive regions in map: [0x00000000ffe00000, 0x00000000ffe47ff8]
[2024-06-07T12:14:36.332+0530][gc,start     ] GC(0) Pause Young (Normal) (G1 Evacuation Pause)
[2024-06-07T12:14:36.333+0530][gc,task      ] GC(0) Using 4 workers of 4 for evacuation
[2024-06-07T12:14:36.342+0530][gc,phases    ] GC(0)   Pre Evacuate Collection Set: 0.0ms
[2024-06-07T12:14:36.342+0530][gc,phases    ] GC(0)   Evacuate Collection Set: 9.1ms
[2024-06-07T12:14:36.342+0530][gc,phases    ] GC(0)   Post Evacuate Collection Set: 0.3ms
[2024-06-07T12:14:36.342+0530][gc,phases    ] GC(0)   Other: 0.4ms
[2024-06-07T12:14:36.342+0530][gc,heap      ] GC(0) Eden regions: 25->0(21)
[2024-06-07T12:14:36.342+0530][gc,heap      ] GC(0) Survivor regions: 0->4(4)
[2024-06-07T12:14:36.342+0530][gc,heap      ] GC(0) Old regions: 2->6
[2024-06-07T12:14:36.342+0530][gc,heap      ] GC(0) Humongous regions: 0->0
[2024-06-07T12:14:36.342+0530][gc,metaspace ] GC(0) Metaspace: 7463K(7936K)->7463K(7936K) NonClass: 6630K(6912K)->6630K(6912K) Class: 832K(1024K)->832K(1024K)
[2024-06-07T12:14:36.342+0530][gc           ] GC(0) Pause Young (Normal) (G1 Evacuation Pause) 25M->7M(512M) 9.912ms
[2024-06-07T12:14:36.342+0530][gc,cpu       ] GC(0) User=0.02s Sys=0.01s Real=0.01s
